// Jest Snapshot v1, https://goo.gl/fbAQLP

exports[`<Cart/> renders and matches snappy 1`] = `
<header>
  <CloseButton
    onClick={[Function]}
    title="close"
  >
    <button
      className="CloseButton-glu56x-0 cQGYjd"
      onClick={[Function]}
      title="close"
    >
      Ã—
    </button>
  </CloseButton>
  <Supreme>
    <h3
      className="Supreme-uqzkyq-0 dKzOOa"
    >
      Miss Coleman Berge
      's cart
    </h3>
  </Supreme>
  <p>
    You have 
    1
     Item
     in your cart
  </p>
</header>
`;
