// Jest Snapshot v1, https://goo.gl/fbAQLP

exports[`<Pagination/> should displays a loading message 1`] = `null`;
